<?xml version="1.0" encoding="utf-8" standalone="no"?>
<testsuites xmlns:xsi="http://www.w3.org/2001/XMLSchema-instance" xsi:noNamespaceSchemaLocation="junit_schema_4.xsd" name="Pester" tests="118" errors="0" failures="0" disabled="0" time="9.518">
  <testsuite name="E:\m365-security-guardian\tests\Core\Get-AttackChains.Tests.ps1" tests="25" errors="0" failures="0" hostname="ARCHER" id="0" skipped="0" disabled="0" package="E:\m365-security-guardian\tests\Core\Get-AttackChains.Tests.ps1" time="1.716">
    <properties>
      <property name="framework-version" value="5.7.1" />
      <property name="platform" value="Microsoft Windows 11 Home|C:\WINDOWS|\Device\Harddisk0\Partition3" />
      <property name="user-domain" value="ARCHER" />
      <property name="os-version" value="10.0.26200" />
      <property name="user" value="wchom_4cjyj2e" />
      <property name="clr-version" value="9.0.10" />
      <property name="cwd" value="E:\m365-security-guardian" />
      <property name="machine-name" value="ARCHER" />
      <property name="junit-version" value="4" />
    </properties>
    <testcase name="Get-AttackChains.Basic functionality.Returns null when config file does not exist" status="Passed" classname="E:\m365-security-guardian\tests\Core\Get-AttackChains.Tests.ps1" assertions="0" time="0.195" />
    <testcase name="Get-AttackChains.Basic functionality.Returns valid output structure with real config" status="Passed" classname="E:\m365-security-guardian\tests\Core\Get-AttackChains.Tests.ps1" assertions="0" time="0.117" />
    <testcase name="Get-AttackChains.Basic functionality.Analyzes all defined attack chains" status="Passed" classname="E:\m365-security-guardian\tests\Core\Get-AttackChains.Tests.ps1" assertions="0" time="0.019" />
    <testcase name="Get-AttackChains.Chain enablement logic.Enables chain when critical controls fail" status="Passed" classname="E:\m365-security-guardian\tests\Core\Get-AttackChains.Tests.ps1" assertions="0" time="0.027" />
    <testcase name="Get-AttackChains.Chain enablement logic.Reports no chains enabled when all controls pass" status="Passed" classname="E:\m365-security-guardian\tests\Core\Get-AttackChains.Tests.ps1" assertions="0" time="0.017" />
    <testcase name="Get-AttackChains.Chain enablement logic.Includes chain severity in enabled chains" status="Passed" classname="E:\m365-security-guardian\tests\Core\Get-AttackChains.Tests.ps1" assertions="0" time="0.015" />
    <testcase name="Get-AttackChains.Chain enablement logic.Sorts chains by severity then enablement score" status="Passed" classname="E:\m365-security-guardian\tests\Core\Get-AttackChains.Tests.ps1" assertions="0" time="0.024" />
    <testcase name="Get-AttackChains.Chain properties.Each enabled chain has required properties" status="Passed" classname="E:\m365-security-guardian\tests\Core\Get-AttackChains.Tests.ps1" assertions="0" time="0.070" />
    <testcase name="Get-AttackChains.Chain properties.Chain IDs follow expected format" status="Passed" classname="E:\m365-security-guardian\tests\Core\Get-AttackChains.Tests.ps1" assertions="0" time="0.025" />
    <testcase name="Get-AttackChains.Chain properties.MITRE techniques follow T-number format" status="Passed" classname="E:\m365-security-guardian\tests\Core\Get-AttackChains.Tests.ps1" assertions="0" time="0.024" />
    <testcase name="Get-AttackChains.Executive summary generation.Generates executive summary with risk level" status="Passed" classname="E:\m365-security-guardian\tests\Core\Get-AttackChains.Tests.ps1" assertions="0" time="0.020" />
    <testcase name="Get-AttackChains.Executive summary generation.Risk level is valid enum value" status="Passed" classname="E:\m365-security-guardian\tests\Core\Get-AttackChains.Tests.ps1" assertions="0" time="0.022" />
    <testcase name="Get-AttackChains.Remediation priorities.Generates remediation priorities list" status="Passed" classname="E:\m365-security-guardian\tests\Core\Get-AttackChains.Tests.ps1" assertions="0" time="0.022" />
    <testcase name="Get-AttackChains.Remediation priorities.Remediation priorities are sorted by chain impact" status="Passed" classname="E:\m365-security-guardian\tests\Core\Get-AttackChains.Tests.ps1" assertions="0" time="0.014" />
    <testcase name="Get-AttackChains.MITRE ATT&amp;CK matrix.Builds MITRE matrix view" status="Passed" classname="E:\m365-security-guardian\tests\Core\Get-AttackChains.Tests.ps1" assertions="0" time="0.016" />
    <testcase name="Get-AttackChains.MITRE ATT&amp;CK matrix.MITRE matrix contains tactics" status="Passed" classname="E:\m365-security-guardian\tests\Core\Get-AttackChains.Tests.ps1" assertions="0" time="0.015" />
    <testcase name="Get-AttackChains.CIS compliance integration.Accepts CIS compliance object" status="Passed" classname="E:\m365-security-guardian\tests\Core\Get-AttackChains.Tests.ps1" assertions="0" time="0.043" />
    <testcase name="Get-AttackChains.CIS compliance integration.Uses CIS status to determine chain enablement" status="Passed" classname="E:\m365-security-guardian\tests\Core\Get-AttackChains.Tests.ps1" assertions="0" time="0.017" />
    <testcase name="Get-AttackChains.Edge cases.Handles empty assessment results" status="Passed" classname="E:\m365-security-guardian\tests\Core\Get-AttackChains.Tests.ps1" assertions="0" time="0.016" />
    <testcase name="Get-AttackChains.Edge cases.Handles null CIS compliance gracefully" status="Passed" classname="E:\m365-security-guardian\tests\Core\Get-AttackChains.Tests.ps1" assertions="0" time="0.025" />
    <testcase name="Get-AttackChains.Edge cases.Handles assessment results with Info status" status="Passed" classname="E:\m365-security-guardian\tests\Core\Get-AttackChains.Tests.ps1" assertions="0" time="0.021" />
    <testcase name="Get-AttackChains.Chain counts.Reports correct critical chain count" status="Passed" classname="E:\m365-security-guardian\tests\Core\Get-AttackChains.Tests.ps1" assertions="0" time="0.052" />
    <testcase name="Get-AttackChains.Chain counts.Reports correct high chain count" status="Passed" classname="E:\m365-security-guardian\tests\Core\Get-AttackChains.Tests.ps1" assertions="0" time="0.025" />
    <testcase name="Format-AttackChainConsole.Does not throw with valid attack chain data" status="Passed" classname="E:\m365-security-guardian\tests\Core\Get-AttackChains.Tests.ps1" assertions="0" time="0.036" />
    <testcase name="Format-AttackChainConsole.Handles null input gracefully" status="Passed" classname="E:\m365-security-guardian\tests\Core\Get-AttackChains.Tests.ps1" assertions="0" time="0.022" />
  </testsuite>
  <testsuite name="E:\m365-security-guardian\tests\Core\Get-SecurityTrends.Tests.ps1" tests="39" errors="0" failures="0" hostname="ARCHER" id="1" skipped="0" disabled="0" package="E:\m365-security-guardian\tests\Core\Get-SecurityTrends.Tests.ps1" time="1.620">
    <properties>
      <property name="framework-version" value="5.7.1" />
      <property name="platform" value="Microsoft Windows 11 Home|C:\WINDOWS|\Device\Harddisk0\Partition3" />
      <property name="user-domain" value="ARCHER" />
      <property name="os-version" value="10.0.26200" />
      <property name="user" value="wchom_4cjyj2e" />
      <property name="clr-version" value="9.0.10" />
      <property name="cwd" value="E:\m365-security-guardian" />
      <property name="machine-name" value="ARCHER" />
      <property name="junit-version" value="4" />
    </properties>
    <testcase name="Get-HistoryStorePath.Path resolution.Returns default path when no BasePath specified" status="Passed" classname="E:\m365-security-guardian\tests\Core\Get-SecurityTrends.Tests.ps1" assertions="0" time="0.015" />
    <testcase name="Get-HistoryStorePath.Path resolution.Uses custom BasePath when specified" status="Passed" classname="E:\m365-security-guardian\tests\Core\Get-SecurityTrends.Tests.ps1" assertions="0" time="0.012" />
    <testcase name="Get-AssessmentHistory.File operations.Returns empty history when file does not exist" status="Passed" classname="E:\m365-security-guardian\tests\Core\Get-SecurityTrends.Tests.ps1" assertions="0" time="0.023" />
    <testcase name="Get-AssessmentHistory.File operations.Loads history from existing file" status="Passed" classname="E:\m365-security-guardian\tests\Core\Get-SecurityTrends.Tests.ps1" assertions="0" time="0.042" />
    <testcase name="Get-AssessmentHistory.File operations.Returns version information" status="Passed" classname="E:\m365-security-guardian\tests\Core\Get-SecurityTrends.Tests.ps1" assertions="0" time="0.023" />
    <testcase name="Get-AssessmentHistory.Filtering.Filters by TenantId" status="Passed" classname="E:\m365-security-guardian\tests\Core\Get-SecurityTrends.Tests.ps1" assertions="0" time="0.028" />
    <testcase name="Get-AssessmentHistory.Filtering.Filters by DaysBack" status="Passed" classname="E:\m365-security-guardian\tests\Core\Get-SecurityTrends.Tests.ps1" assertions="0" time="0.022" />
    <testcase name="Get-AssessmentHistory.Filtering.Combines TenantId and DaysBack filters" status="Passed" classname="E:\m365-security-guardian\tests\Core\Get-SecurityTrends.Tests.ps1" assertions="0" time="0.014" />
    <testcase name="Get-AssessmentHistory.Filtering.Sorts entries by timestamp descending" status="Passed" classname="E:\m365-security-guardian\tests\Core\Get-SecurityTrends.Tests.ps1" assertions="0" time="0.034" />
    <testcase name="Get-AssessmentHistory.Error handling.Handles corrupted JSON gracefully" status="Passed" classname="E:\m365-security-guardian\tests\Core\Get-SecurityTrends.Tests.ps1" assertions="0" time="0.027" />
    <testcase name="Save-AssessmentToHistory.Basic save operations.Creates new history file when none exists" status="Passed" classname="E:\m365-security-guardian\tests\Core\Get-SecurityTrends.Tests.ps1" assertions="0" time="0.069" />
    <testcase name="Save-AssessmentToHistory.Basic save operations.Appends to existing history" status="Passed" classname="E:\m365-security-guardian\tests\Core\Get-SecurityTrends.Tests.ps1" assertions="0" time="0.026" />
    <testcase name="Save-AssessmentToHistory.Basic save operations.Returns entry ID on successful save" status="Passed" classname="E:\m365-security-guardian\tests\Core\Get-SecurityTrends.Tests.ps1" assertions="0" time="0.015" />
    <testcase name="Save-AssessmentToHistory.Metrics capture.Captures security score when provided" status="Passed" classname="E:\m365-security-guardian\tests\Core\Get-SecurityTrends.Tests.ps1" assertions="0" time="0.031" />
    <testcase name="Save-AssessmentToHistory.History pruning.Maintains maximum history entries" status="Passed" classname="E:\m365-security-guardian\tests\Core\Get-SecurityTrends.Tests.ps1" assertions="0" time="0.079" />
    <testcase name="Get-SecurityTrends.Insufficient data handling.Returns InsufficientData status with 0 entries" status="Passed" classname="E:\m365-security-guardian\tests\Core\Get-SecurityTrends.Tests.ps1" assertions="0" time="0.034" />
    <testcase name="Get-SecurityTrends.Insufficient data handling.Returns InsufficientData status with 1 entry" status="Passed" classname="E:\m365-security-guardian\tests\Core\Get-SecurityTrends.Tests.ps1" assertions="0" time="0.022" />
    <testcase name="Get-SecurityTrends.Trend calculation.Calculates improving trend when scores increase" status="Passed" classname="E:\m365-security-guardian\tests\Core\Get-SecurityTrends.Tests.ps1" assertions="0" time="0.088" />
    <testcase name="Get-SecurityTrends.Trend calculation.Calculates correct score delta" status="Passed" classname="E:\m365-security-guardian\tests\Core\Get-SecurityTrends.Tests.ps1" assertions="0" time="0.015" />
    <testcase name="Get-SecurityTrends.Trend calculation.Calculates total improvement from first assessment" status="Passed" classname="E:\m365-security-guardian\tests\Core\Get-SecurityTrends.Tests.ps1" assertions="0" time="0.012" />
    <testcase name="Get-SecurityTrends.Trend calculation.Reports correct data point count" status="Passed" classname="E:\m365-security-guardian\tests\Core\Get-SecurityTrends.Tests.ps1" assertions="0" time="0.017" />
    <testcase name="Get-SecurityTrends.Trend calculation.Includes current score and grade" status="Passed" classname="E:\m365-security-guardian\tests\Core\Get-SecurityTrends.Tests.ps1" assertions="0" time="0.013" />
    <testcase name="Get-SecurityTrends.Declining trend detection.Detects declining trend when scores decrease" status="Passed" classname="E:\m365-security-guardian\tests\Core\Get-SecurityTrends.Tests.ps1" assertions="0" time="0.043" />
    <testcase name="Get-SecurityTrends.Stable trend detection.Detects stable trend when scores are unchanged" status="Passed" classname="E:\m365-security-guardian\tests\Core\Get-SecurityTrends.Tests.ps1" assertions="0" time="0.027" />
    <testcase name="Get-RegressionAlerts.Regression detection.Detects critical regressions" status="Passed" classname="E:\m365-security-guardian\tests\Core\Get-SecurityTrends.Tests.ps1" assertions="0" time="0.014" />
    <testcase name="Get-RegressionAlerts.Regression detection.Includes regression details" status="Passed" classname="E:\m365-security-guardian\tests\Core\Get-SecurityTrends.Tests.ps1" assertions="0" time="0.012" />
    <testcase name="Get-RegressionAlerts.No regression scenarios.Reports no regressions when scores improve" status="Passed" classname="E:\m365-security-guardian\tests\Core\Get-SecurityTrends.Tests.ps1" assertions="0" time="0.020" />
    <testcase name="Get-CategoryTrends.Category analysis.Returns trend for each category" status="Passed" classname="E:\m365-security-guardian\tests\Core\Get-SecurityTrends.Tests.ps1" assertions="0" time="0.014" />
    <testcase name="Get-CategoryTrends.Category analysis.Calculates correct deltas per category" status="Passed" classname="E:\m365-security-guardian\tests\Core\Get-SecurityTrends.Tests.ps1" assertions="0" time="0.022" />
    <testcase name="Get-CategoryTrends.Category analysis.Includes trend icons" status="Passed" classname="E:\m365-security-guardian\tests\Core\Get-SecurityTrends.Tests.ps1" assertions="0" time="0.025" />
    <testcase name="Get-TrendVelocity.Velocity calculation.Calculates weekly improvement rate" status="Passed" classname="E:\m365-security-guardian\tests\Core\Get-SecurityTrends.Tests.ps1" assertions="0" time="0.023" />
    <testcase name="Get-TrendVelocity.Velocity calculation.Estimates days to target score" status="Passed" classname="E:\m365-security-guardian\tests\Core\Get-SecurityTrends.Tests.ps1" assertions="0" time="0.024" />
    <testcase name="Get-TrendVelocity.Velocity calculation.Returns null days when target already achieved" status="Passed" classname="E:\m365-security-guardian\tests\Core\Get-SecurityTrends.Tests.ps1" assertions="0" time="0.030" />
    <testcase name="Get-TrendTimeline.Timeline generation.Generates timeline with score data points" status="Passed" classname="E:\m365-security-guardian\tests\Core\Get-SecurityTrends.Tests.ps1" assertions="0" time="0.028" />
    <testcase name="Get-TrendTimeline.Timeline generation.Includes labels for chart rendering" status="Passed" classname="E:\m365-security-guardian\tests\Core\Get-SecurityTrends.Tests.ps1" assertions="0" time="0.022" />
    <testcase name="Format-TrendConsole.Console output formatting.Does not throw with valid trend data" status="Passed" classname="E:\m365-security-guardian\tests\Core\Get-SecurityTrends.Tests.ps1" assertions="0" time="0.032" />
    <testcase name="Format-TrendConsole.Console output formatting.Outputs header with ASCII box" status="Passed" classname="E:\m365-security-guardian\tests\Core\Get-SecurityTrends.Tests.ps1" assertions="0" time="0.013" />
    <testcase name="Format-TrendConsole.Console output formatting.Shows insufficient data message when applicable" status="Passed" classname="E:\m365-security-guardian\tests\Core\Get-SecurityTrends.Tests.ps1" assertions="0" time="0.012" />
    <testcase name="Format-TrendConsole.Console output formatting.Shows regression warnings when present" status="Passed" classname="E:\m365-security-guardian\tests\Core\Get-SecurityTrends.Tests.ps1" assertions="0" time="0.017" />
  </testsuite>
  <testsuite name="E:\m365-security-guardian\tests\Core\Get-TenantSecurityScore.Tests.ps1" tests="20" errors="0" failures="0" hostname="ARCHER" id="2" skipped="0" disabled="0" package="E:\m365-security-guardian\tests\Core\Get-TenantSecurityScore.Tests.ps1" time="1.165">
    <properties>
      <property name="framework-version" value="5.7.1" />
      <property name="platform" value="Microsoft Windows 11 Home|C:\WINDOWS|\Device\Harddisk0\Partition3" />
      <property name="user-domain" value="ARCHER" />
      <property name="os-version" value="10.0.26200" />
      <property name="user" value="wchom_4cjyj2e" />
      <property name="clr-version" value="9.0.10" />
      <property name="cwd" value="E:\m365-security-guardian" />
      <property name="machine-name" value="ARCHER" />
      <property name="junit-version" value="4" />
    </properties>
    <testcase name="Get-TenantSecurityScore.Grade boundaries.Returns grade A for score &gt;= 90" status="Passed" classname="E:\m365-security-guardian\tests\Core\Get-TenantSecurityScore.Tests.ps1" assertions="0" time="0.178" />
    <testcase name="Get-TenantSecurityScore.Grade boundaries.Returns grade F when all checks fail with Critical severity" status="Passed" classname="E:\m365-security-guardian\tests\Core\Get-TenantSecurityScore.Tests.ps1" assertions="0" time="0.016" />
    <testcase name="Get-TenantSecurityScore.Output shape.Returns all required score properties" status="Passed" classname="E:\m365-security-guardian\tests\Core\Get-TenantSecurityScore.Tests.ps1" assertions="0" time="0.017" />
    <testcase name="Get-TenantSecurityScore.Output shape.Summary counts match input results" status="Passed" classname="E:\m365-security-guardian\tests\Core\Get-TenantSecurityScore.Tests.ps1" assertions="0" time="0.015" />
    <testcase name="Get-TenantSecurityScore.Category mapping.Maps checks to correct categories" status="Passed" classname="E:\m365-security-guardian\tests\Core\Get-TenantSecurityScore.Tests.ps1" assertions="0" time="0.039" />
    <testcase name="Get-TenantSecurityScore.Priority identification.Identifies failed checks as top priorities" status="Passed" classname="E:\m365-security-guardian\tests\Core\Get-TenantSecurityScore.Tests.ps1" assertions="0" time="0.017" />
    <testcase name="Get-TenantSecurityScore.Priority identification.Identifies warnings with medium/low severity as quick wins" status="Passed" classname="E:\m365-security-guardian\tests\Core\Get-TenantSecurityScore.Tests.ps1" assertions="0" time="0.016" />
    <testcase name="Get-TenantSecurityScore.Info status handling.Treats Info status as neutral (does not penalize score)" status="Passed" classname="E:\m365-security-guardian\tests\Core\Get-TenantSecurityScore.Tests.ps1" assertions="0" time="0.015" />
    <testcase name="Get-TenantSecurityScore.Info status handling.Does not let Info status inflate score when failures exist" status="Passed" classname="E:\m365-security-guardian\tests\Core\Get-TenantSecurityScore.Tests.ps1" assertions="0" time="0.030" />
    <testcase name="Get-TenantSecurityScore.Status-based scoring (no severity adjustment).Failed critical checks earn 0 points (not 25%)" status="Passed" classname="E:\m365-security-guardian\tests\Core\Get-TenantSecurityScore.Tests.ps1" assertions="0" time="0.017" />
    <testcase name="Get-TenantSecurityScore.Status-based scoring (no severity adjustment).Warning checks earn exactly 50% of weight" status="Passed" classname="E:\m365-security-guardian\tests\Core\Get-TenantSecurityScore.Tests.ps1" assertions="0" time="0.011" />
    <testcase name="Get-TenantSecurityScore.Status-based scoring (no severity adjustment).Mixed 50% fail / 50% pass results in ~50% score" status="Passed" classname="E:\m365-security-guardian\tests\Core\Get-TenantSecurityScore.Tests.ps1" assertions="0" time="0.016" />
    <testcase name="Get-TenantSecurityScore.Status-based scoring (no severity adjustment).Severity does NOT inflate failed check scores" status="Passed" classname="E:\m365-security-guardian\tests\Core\Get-TenantSecurityScore.Tests.ps1" assertions="0" time="0.014" />
    <testcase name="Get-TenantSecurityScore.Status-based scoring (no severity adjustment).All-fail tenant scores 0-10% (not 25-75%)" status="Passed" classname="E:\m365-security-guardian\tests\Core\Get-TenantSecurityScore.Tests.ps1" assertions="0" time="0.019" />
    <testcase name="Get-TenantSecurityScore.Configuration externalization - weights.Uses custom weights from config over defaults" status="Passed" classname="E:\m365-security-guardian\tests\Core\Get-TenantSecurityScore.Tests.ps1" assertions="0" time="0.032" />
    <testcase name="Get-TenantSecurityScore.Configuration externalization - weights.Falls back to defaults when config is null" status="Passed" classname="E:\m365-security-guardian\tests\Core\Get-TenantSecurityScore.Tests.ps1" assertions="0" time="0.019" />
    <testcase name="Get-TenantSecurityScore.Configuration externalization - status scores.Uses custom status scores from config" status="Passed" classname="E:\m365-security-guardian\tests\Core\Get-TenantSecurityScore.Tests.ps1" assertions="0" time="0.019" />
    <testcase name="Get-TenantSecurityScore.Configuration externalization - status scores.Falls back to default status scores when missing from config" status="Passed" classname="E:\m365-security-guardian\tests\Core\Get-TenantSecurityScore.Tests.ps1" assertions="0" time="0.017" />
    <testcase name="Get-TenantSecurityScore.Configuration externalization - category mapping.Uses custom check-to-category mappings from config" status="Passed" classname="E:\m365-security-guardian\tests\Core\Get-TenantSecurityScore.Tests.ps1" assertions="0" time="0.017" />
    <testcase name="Get-TenantSecurityScore.Configuration externalization - category mapping.Falls back to default category mapping when missing" status="Passed" classname="E:\m365-security-guardian\tests\Core\Get-TenantSecurityScore.Tests.ps1" assertions="0" time="0.014" />
  </testsuite>
  <testsuite name="E:\m365-security-guardian\tests\Core\Validate-AssessmentResult.Tests.ps1" tests="21" errors="0" failures="0" hostname="ARCHER" id="3" skipped="0" disabled="0" package="E:\m365-security-guardian\tests\Core\Validate-AssessmentResult.Tests.ps1" time="0.454">
    <properties>
      <property name="framework-version" value="5.7.1" />
      <property name="platform" value="Microsoft Windows 11 Home|C:\WINDOWS|\Device\Harddisk0\Partition3" />
      <property name="user-domain" value="ARCHER" />
      <property name="os-version" value="10.0.26200" />
      <property name="user" value="wchom_4cjyj2e" />
      <property name="clr-version" value="9.0.10" />
      <property name="cwd" value="E:\m365-security-guardian" />
      <property name="machine-name" value="ARCHER" />
      <property name="junit-version" value="4" />
    </properties>
    <testcase name="Validate-AssessmentResult.Valid assessment results.Accepts a completely valid result" status="Passed" classname="E:\m365-security-guardian\tests\Core\Validate-AssessmentResult.Tests.ps1" assertions="0" time="0.019" />
    <testcase name="Validate-AssessmentResult.Valid assessment results.Accepts all valid Status values" status="Passed" classname="E:\m365-security-guardian\tests\Core\Validate-AssessmentResult.Tests.ps1" assertions="0" time="0.013" />
    <testcase name="Validate-AssessmentResult.Valid assessment results.Accepts all valid Severity values" status="Passed" classname="E:\m365-security-guardian\tests\Core\Validate-AssessmentResult.Tests.ps1" assertions="0" time="0.011" />
    <testcase name="Validate-AssessmentResult.Valid assessment results.Accepts all valid Category values" status="Passed" classname="E:\m365-security-guardian\tests\Core\Validate-AssessmentResult.Tests.ps1" assertions="0" time="0.018" />
    <testcase name="Validate-AssessmentResult.Valid assessment results.Accepts empty RemediationSteps array" status="Passed" classname="E:\m365-security-guardian\tests\Core\Validate-AssessmentResult.Tests.ps1" assertions="0" time="0.017" />
    <testcase name="Validate-AssessmentResult.Invalid result violations.Rejects result missing CheckName property" status="Passed" classname="E:\m365-security-guardian\tests\Core\Validate-AssessmentResult.Tests.ps1" assertions="0" time="0.014" />
    <testcase name="Validate-AssessmentResult.Invalid result violations.Rejects result with null CheckName" status="Passed" classname="E:\m365-security-guardian\tests\Core\Validate-AssessmentResult.Tests.ps1" assertions="0" time="0.014" />
    <testcase name="Validate-AssessmentResult.Invalid result violations.Rejects result with empty CheckName" status="Passed" classname="E:\m365-security-guardian\tests\Core\Validate-AssessmentResult.Tests.ps1" assertions="0" time="0.012" />
    <testcase name="Validate-AssessmentResult.Invalid result violations.Rejects invalid Status value" status="Passed" classname="E:\m365-security-guardian\tests\Core\Validate-AssessmentResult.Tests.ps1" assertions="0" time="0.011" />
    <testcase name="Validate-AssessmentResult.Invalid result violations.Rejects invalid Severity value" status="Passed" classname="E:\m365-security-guardian\tests\Core\Validate-AssessmentResult.Tests.ps1" assertions="0" time="0.014" />
    <testcase name="Validate-AssessmentResult.Invalid result violations.Rejects invalid Category value" status="Passed" classname="E:\m365-security-guardian\tests\Core\Validate-AssessmentResult.Tests.ps1" assertions="0" time="0.013" />
    <testcase name="Validate-AssessmentResult.Invalid result violations.Rejects result with null Message" status="Passed" classname="E:\m365-security-guardian\tests\Core\Validate-AssessmentResult.Tests.ps1" assertions="0" time="0.014" />
    <testcase name="Validate-AssessmentResult.Invalid result violations.Rejects result with null Recommendation" status="Passed" classname="E:\m365-security-guardian\tests\Core\Validate-AssessmentResult.Tests.ps1" assertions="0" time="0.013" />
    <testcase name="Validate-AssessmentResult.Invalid result violations.Rejects result with null DocumentationUrl" status="Passed" classname="E:\m365-security-guardian\tests\Core\Validate-AssessmentResult.Tests.ps1" assertions="0" time="0.013" />
    <testcase name="Validate-AssessmentResult.Invalid result violations.Rejects result with null Details" status="Passed" classname="E:\m365-security-guardian\tests\Core\Validate-AssessmentResult.Tests.ps1" assertions="0" time="0.013" />
    <testcase name="Validate-AssessmentResult.Invalid result violations.Rejects result with non-array RemediationSteps" status="Passed" classname="E:\m365-security-guardian\tests\Core\Validate-AssessmentResult.Tests.ps1" assertions="0" time="0.015" />
    <testcase name="Validate-AssessmentResult.Strict mode.Throws on schema violation in strict mode" status="Passed" classname="E:\m365-security-guardian\tests\Core\Validate-AssessmentResult.Tests.ps1" assertions="0" time="0.027" />
    <testcase name="Validate-AssessmentResult.Strict mode.Returns false on violation in non-strict mode" status="Passed" classname="E:\m365-security-guardian\tests\Core\Validate-AssessmentResult.Tests.ps1" assertions="0" time="0.016" />
    <testcase name="Validate-AssessmentResult.Assert-AssessmentResult pipeline.Passes valid result through pipeline" status="Passed" classname="E:\m365-security-guardian\tests\Core\Validate-AssessmentResult.Tests.ps1" assertions="0" time="0.012" />
    <testcase name="Validate-AssessmentResult.Assert-AssessmentResult pipeline.Throws on invalid result in pipeline" status="Passed" classname="E:\m365-security-guardian\tests\Core\Validate-AssessmentResult.Tests.ps1" assertions="0" time="0.017" />
    <testcase name="Validate-AssessmentResult.Schema contract documentation.Returns schema documentation string" status="Passed" classname="E:\m365-security-guardian\tests\Core\Validate-AssessmentResult.Tests.ps1" assertions="0" time="0.012" />
  </testsuite>
  <testsuite name="E:\m365-security-guardian\tests\Security\Test-MFAConfiguration.Tests.ps1" tests="13" errors="0" failures="0" hostname="ARCHER" id="4" skipped="0" disabled="0" package="E:\m365-security-guardian\tests\Security\Test-MFAConfiguration.Tests.ps1" time="4.563">
    <properties>
      <property name="framework-version" value="5.7.1" />
      <property name="platform" value="Microsoft Windows 11 Home|C:\WINDOWS|\Device\Harddisk0\Partition3" />
      <property name="user-domain" value="ARCHER" />
      <property name="os-version" value="10.0.26200" />
      <property name="user" value="wchom_4cjyj2e" />
      <property name="clr-version" value="9.0.10" />
      <property name="cwd" value="E:\m365-security-guardian" />
      <property name="machine-name" value="ARCHER" />
      <property name="junit-version" value="4" />
    </properties>
    <testcase name="Test-MFAConfiguration.Result contract.Returns an object with all required properties" status="Passed" classname="E:\m365-security-guardian\tests\Security\Test-MFAConfiguration.Tests.ps1" assertions="0" time="2.669" />
    <testcase name="Test-MFAConfiguration.Status logic at threshold boundaries.Returns Pass when MFA adoption &gt;= threshold (95%)" status="Passed" classname="E:\m365-security-guardian\tests\Security\Test-MFAConfiguration.Tests.ps1" assertions="0" time="0.173" />
    <testcase name="Test-MFAConfiguration.Status logic at threshold boundaries.Returns Warning when MFA adoption is 75-94%" status="Passed" classname="E:\m365-security-guardian\tests\Security\Test-MFAConfiguration.Tests.ps1" assertions="0" time="0.138" />
    <testcase name="Test-MFAConfiguration.Status logic at threshold boundaries.Returns Fail when MFA adoption &lt; 75%" status="Passed" classname="E:\m365-security-guardian\tests\Security\Test-MFAConfiguration.Tests.ps1" assertions="0" time="0.144" />
    <testcase name="Test-MFAConfiguration.Severity logic.Returns Critical severity when MFA adoption &lt; 50%" status="Passed" classname="E:\m365-security-guardian\tests\Security\Test-MFAConfiguration.Tests.ps1" assertions="0" time="0.136" />
    <testcase name="Test-MFAConfiguration.Severity logic.Returns Low severity when MFA adoption &gt;= 90%" status="Passed" classname="E:\m365-security-guardian\tests\Security\Test-MFAConfiguration.Tests.ps1" assertions="0" time="0.158" />
    <testcase name="Test-MFAConfiguration.UsersWithoutMFA detail property.Populates UsersWithoutMFA with correct user objects" status="Passed" classname="E:\m365-security-guardian\tests\Security\Test-MFAConfiguration.Tests.ps1" assertions="0" time="0.102" />
    <testcase name="Test-MFAConfiguration.Edge cases.Returns Info status when no enabled users exist" status="Passed" classname="E:\m365-security-guardian\tests\Security\Test-MFAConfiguration.Tests.ps1" assertions="0" time="0.195" />
    <testcase name="Test-MFAConfiguration.Edge cases.Returns Info status on Graph API error (never throws)" status="Passed" classname="E:\m365-security-guardian\tests\Security\Test-MFAConfiguration.Tests.ps1" assertions="0" time="0.132" />
    <testcase name="Test-MFAConfiguration.Edge cases.Uses default threshold when Config is null" status="Passed" classname="E:\m365-security-guardian\tests\Security\Test-MFAConfiguration.Tests.ps1" assertions="0" time="0.133" />
    <testcase name="Test-MFAConfiguration.Edge cases.Respects custom threshold from Config" status="Passed" classname="E:\m365-security-guardian\tests\Security\Test-MFAConfiguration.Tests.ps1" assertions="0" time="0.124" />
    <testcase name="Test-MFAConfiguration.Enforcement-aware posture.Downgrades Pass to Warning when all-user CA MFA policy is missing" status="Passed" classname="E:\m365-security-guardian\tests\Security\Test-MFAConfiguration.Tests.ps1" assertions="0" time="0.145" />
    <testcase name="Test-MFAConfiguration.Enforcement-aware posture.Returns Pass when registration threshold is met and CA MFA covers all users and admins" status="Passed" classname="E:\m365-security-guardian\tests\Security\Test-MFAConfiguration.Tests.ps1" assertions="0" time="0.133" />
  </testsuite>
</testsuites>